{"IP": "82.59.13.178", "Time": "2021-11-03T15:22:10", "Method": "Connect"}
{"IP": "82.59.13.178", "Time": "2021-11-03T15:22:19", "Method": "Fail Login"}
{"IP": "82.59.13.178", "Time": "2021-11-03T15:22:28", "Method": "Connect"}
{"IP": "82.59.13.178", "Time": "2021-11-03T15:22:37", "Method": "Fail Login"}
{"IP": "82.59.13.178", "Time": "2021-11-03T15:22:40", "Method": "Connect"}
{"IP": "82.59.13.178", "Time": "2021-11-03T15:22:43", "Method": "Ok Login"}
{"IP": "82.59.13.178", "Time": "2021-11-03T15:22:51", "Method": "Ok Download", "File": "/home/user/credentials.txt"}